// Jest Snapshot v1, https://goo.gl/fbAQLP

exports[`Test example 1`] = `
<h1>
  World
</h1>
`;
